// Vitest Snapshot v1, https://vitest.dev/guide/snapshot.html

exports[`generateCode > should generate code for %1 map-node-with-accessor-expression.ts > display/nodes/map_node/__init__.py 1`] = `
"# flake8: noqa: F401, F403

from uuid import UUID

from vellum_ee.workflows.display.nodes import BaseMapNodeDisplay
from vellum_ee.workflows.display.nodes.types import NodeOutputDisplay, PortDisplayOverrides

from . import workflow
from ....nodes.map_node import MapNodeNode
from .nodes import *


class MapNodeNodeDisplay(BaseMapNodeDisplay[MapNodeNode]):
    label = "Map Node"
    node_id = UUID("73dbae4c-ba83-4a94-9d66-50e30c3a0a8c")
    target_handle_id = UUID("acb98924-6843-4de2-9045-ed1c6c5c98e3")
    node_input_ids_by_name = {"items": UUID("dbb1e63e-4210-4fb0-880f-3f3baf69196c")}
    attribute_ids_by_name = {"items": UUID("11dcc62a-58ef-4d1e-ac8f-a2ca3dbab87a")}
    output_display = {
        MapNodeNode.Outputs.map_result: NodeOutputDisplay(
            id=UUID("d88d0187-945b-4a22-a31d-110a26f577c4"), name="map_result"
        )
    }
    port_displays = {MapNodeNode.Ports.default: PortDisplayOverrides(id=UUID("c2a37fd6-aab3-4016-9bd6-9e37607dbe38"))}
"
`;

exports[`generateCode > should generate code for %1 map-node-with-accessor-expression.ts > nodes/map_node/__init__.py 1`] = `
"from vellum.workflows.nodes.displayable import MapNode

from ...inputs import Inputs
from .workflow import MapNodeWorkflow


class MapNodeNode(MapNode):
    items = Inputs.data["items"]
    subworkflow = MapNodeWorkflow
    max_concurrency = 1
"
`;

exports[`generateCode > should generate code for %1 subworkflow-deployment-node-with-accessor-expression.ts > display/nodes/subworkflow_deployment_node.py 1`] = `
"from uuid import UUID

from vellum_ee.workflows.display.nodes import BaseSubworkflowDeploymentNodeDisplay
from vellum_ee.workflows.display.nodes.types import PortDisplayOverrides

from ...nodes.subworkflow_deployment_node import SubworkflowDeploymentNodeNode


class SubworkflowDeploymentNodeNodeDisplay(BaseSubworkflowDeploymentNodeDisplay[SubworkflowDeploymentNodeNode]):
    label = "Subworkflow Deployment Node"
    node_id = UUID("19644497-55d5-4108-b979-389638aac1ea")
    target_handle_id = UUID("7915ddad-9e56-4593-b97a-e1691a27832e")
    node_input_ids_by_name = {"subworkflow_inputs.user_name": UUID("815eba8d-8073-4a9f-a4c6-6f0fdadaaebd")}
    attribute_ids_by_name = {"subworkflow_inputs": UUID("d9ba5ea0-c23b-4847-a0cf-df2c93ce6b15")}
    output_display = {}
    port_displays = {
        SubworkflowDeploymentNodeNode.Ports.default: PortDisplayOverrides(
            id=UUID("4c603f2b-bbc0-4baf-8870-6046bb686367")
        )
    }
"
`;

exports[`generateCode > should generate code for %1 subworkflow-deployment-node-with-accessor-expression.ts > nodes/subworkflow_deployment_node.py 1`] = `
"from vellum.workflows.nodes.displayable import SubworkflowDeploymentNode
from vellum.workflows.types.core import MergeBehavior

from ..inputs import Inputs


class SubworkflowDeploymentNodeNode(SubworkflowDeploymentNode):
    release_tag = "LATEST"
    subworkflow_inputs = {
        "user_name": Inputs.user_data["name"],
    }

    class Trigger(SubworkflowDeploymentNode.Trigger):
        merge_behavior = MergeBehavior.AWAIT_ATTRIBUTES
"
`;
