// Vitest Snapshot v1, https://vitest.dev/guide/snapshot.html

exports[`generateCode > should generate code for %1 api-node-with-secret.ts > nodes/api_with_secret.py 1`] = `
"from vellum.workflows.constants import APIRequestMethod, AuthorizationType
from vellum.workflows.nodes.displayable import APINode
from vellum.workflows.references import VellumSecretReference


class ApiWithSecret(APINode):
    url = "https://api.example.com/v1/test"
    method = APIRequestMethod.POST
    json = {
        "input": "test-data",
    }
    headers = {
        "Content-Type": "application/json",
    }
    api_key_header_key = "Authorization"
    authorization_type = AuthorizationType.BEARER_TOKEN
    api_key_header_value = ""
    bearer_token_value = VellumSecretReference("test-workspace-secret-id")
    timeout = 60
"
`;

exports[`generateCode > should generate code for %1 api-node-with-secret.ts > nodes/use_api_with_secret.py 1`] = `
"from typing import Any

from vellum.workflows.nodes.displayable import FinalOutputNode
from vellum.workflows.state import BaseState

from .api_with_secret import ApiWithSecret


class UseApiWithSecret(FinalOutputNode[BaseState, Any]):
    class Outputs(FinalOutputNode.Outputs):
        value = ApiWithSecret.Outputs.json
"
`;

exports[`generateCode > should generate code for %1 code-execution-node-with-await-all.ts > nodes/code_execution_with_await_all/__init__.py 1`] = `
"from vellum.workflows.nodes.displayable import CodeExecutionNode
from vellum.workflows.state import BaseState
from vellum.workflows.types.core import MergeBehavior


class CodeExecutionWithAwaitAll(CodeExecutionNode[BaseState, str]):
    filepath = "./script.py"
    code_inputs = {}
    runtime = "PYTHON_3_11_6"
    packages = None

    class Trigger(CodeExecutionNode.Trigger):
        merge_behavior = MergeBehavior.AWAIT_ALL
"
`;

exports[`generateCode > should generate code for %1 map-node-output-disappear.ts > nodes/outer_map_workflow/nodes/inner_map_workflow/__init__.py 1`] = `
"from vellum.workflows.nodes.displayable import MapNode

from .workflow import InnerMapWorkflow


class InnerMapNode(MapNode):
    items = [
        "a",
        "b",
    ]
    subworkflow = InnerMapWorkflow
    max_concurrency = 1
"
`;

exports[`generateCode > should generate code for %1 two-generic-nodes-with-same-base-coalesce.ts > nodes/final_output_node.py 1`] = `
"from vellum.workflows.nodes.displayable import FinalOutputNode as BaseFinalOutputNode
from vellum.workflows.state import BaseState

from .first_generic_node import FirstGenericNode
from .first_generic_node_1 import FirstGenericNode as FirstGenericNode1FirstGenericNode


class FinalOutputNode(BaseFinalOutputNode[BaseState, str]):
    class Outputs(BaseFinalOutputNode.Outputs):
        value = FirstGenericNode.Outputs.value.coalesce(FirstGenericNode1FirstGenericNode.Outputs.value)
"
`;

exports[`generateCode > should generate code for %1 two-generic-nodes-with-same-base-coalesce.ts > workflow.py 1`] = `
"from vellum.workflows import BaseWorkflow

from .nodes.final_output_node import FinalOutputNode
from .nodes.first_generic_node import FirstGenericNode
from .nodes.first_generic_node_1 import FirstGenericNode as FirstGenericNode1FirstGenericNode


class Workflow(BaseWorkflow):
    graph = {
        FirstGenericNode,
        FirstGenericNode1FirstGenericNode,
    } >> FinalOutputNode

    class Outputs(BaseWorkflow.Outputs):
        result = FinalOutputNode.Outputs.value
"
`;
