// Vitest Snapshot v1, https://vitest.dev/guide/snapshot.html

exports[`generateCode > should generate code for %1 scheduled-trigger.ts > triggers/scheduled.py 1`] = `
"from vellum_ee.workflows.display.editor import NodeDisplayComment
from vellum.workflows.triggers import ScheduleTrigger


class ScheduledTrigger(ScheduleTrigger):
    class Config:
        cron = "* * * * *"
        timezone = "UTC"

    class Display(ScheduleTrigger.Display):
        label = "Scheduled Trigger"
        x = 0
        y = 0
        z_index = 0
        comment = NodeDisplayComment(value="This is a scheduled trigger")
"
`;

exports[`generateCode > should generate code for %1 scheduled-trigger.ts > workflow.py 1`] = `
"from vellum.workflows import BaseWorkflow

from .nodes.bottom_node import BottomNode
from .nodes.top_node import TopNode
from .triggers.scheduled import ScheduledTrigger


class Workflow(BaseWorkflow):
    graph = {
        TopNode,
        ScheduledTrigger >> BottomNode,
    }
"
`;
