// Vitest Snapshot v1, https://vitest.dev/guide/snapshot.html

exports[`Graph > self-referencing else port > should handle a conditional node with else port pointing back to itself 1`] = `
"{
    ValidateAPIResponse.Ports.success >> APISuccessOutput,
    {
        ValidateAPIResponse.Ports.network_error,
        ValidateAPIResponse.Ports.api_error,
    } >> APIErrorHandler,
    ValidateAPIResponse.Ports.else_port >> ValidateAPIResponse,
}
"
`;
